Testing URL: https://sunburst93.live/video.m3u8
Generated 12 header configurations.
Config 1: Referer=https://hianime.to/, Origin=https://hianime.to
Config 2: Referer=https://v.showbox.cc/, Origin=https://v.showbox.cc
Config 3: Referer=https://fmoviesunblocked.net/, Origin=h5.aoneroom.com
Config 4: Referer=https://megacloud.tv/, Origin=https://megacloud.tv
Config 5: Referer=https://vidcloud.tv/, Origin=https://vidcloud.tv
Config 6: Referer=https://megaup.net/, Origin=https://megaup.net
Config 7: Referer=https://megaplay.buzz/, Origin=https://megaplay.buzz
Config 8: Referer=https://vidcloud9.me/, Origin=https://vidcloud9.me
Config 9: Referer=https://megacloud.to/, Origin=https://megacloud.to
Config 10: Referer=https://www.moviebox.pro/, Origin=https://www.moviebox.pro
Config 11: Referer=https://videonext.net/, Origin=https://videonext.net
Config 12: Referer=None, Origin=None

SUCCESS: Found Megacloud.tv strategy for Sunburst domain.
